absNegInt: 5
absPosInt: 5
absZero: 0
absFloat: 3.5
absBigFloat: 123.456
multTrue: true
multFalse: false
multNegValue: true
multNegDivisor: true
floorPos: 3
floorNeg: -4
floorInt: 5
floorExact: 3
ceilPos: 4
ceilNeg: -3
ceilInt: 5
roundHalf: 3
roundNegHalf: -3
roundDown: 2
roundUp: 1
truncPos: 3
truncNeg: -3
truncInt: 5
