ascending: [1, 2, 3]
descending: [3, 2, 1]
alreadySort: [1, 2, 3]
empty: []
single: [5]
duplicates: [1, 1, 2, 3, 3]
strings: ["apple", "banana", "cherry"]
negatives: [-5, -1, 0, 2, 3]
inlineCmp: [1, 2, 3]
byField: [{k: 1}, {k: 2}, {k: 3}]
stableTies: [{k: 0, v: "c"}, {k: 1, v: "a"}, {k: 1, v: "b"}, {k: 1, v: "d"}]
stableEmpty: []
