upperLower: "HELLO WORLD 123!"
upperUpper: "ALREADY UP"
lowerMixed: "hello world 123!"
lowerLower: "already low"
upperEmpty: ""
lowerEmpty: ""
upperPunct: "ABC123!@#"
lowerPunct: "abc123!@#"
titleWords: "Hello World Foo"
titleUpper: "HELLO WORLD"
titleEmpty: ""
titleSeps: "A-b A.b A_b A/b"
titleDigit: "3 Abc A3bc"
titleLead: "  Leading"
